******************************************************************************
                  MSP430 Linker PC v4.4.3                      
******************************************************************************
>> Linked Mon May 04 16:36:48 2015

OUTPUT FILE NAME:   <radio_example.out>
ENTRY POINT SYMBOL: "_c_int00_noargs_noexit"  address: 000089ac


MEMORY CONFIGURATION

         name            origin    length      used     unused   attr    fill
----------------------  --------  ---------  --------  --------  ----  --------
  SFR                   00000000   00000010  00000000  00000010  RWIX
  PERIPHERALS_8BIT      00000010   000000f0  00000000  000000f0  RWIX
  PERIPHERALS_16BIT     00000100   00000100  00000000  00000100  RWIX
  RAM                   00000200   00000400  0000007f  00000381  RWIX
  INFOD                 00001000   00000040  00000000  00000040  RWIX
  INFOC                 00001040   00000040  00000000  00000040  RWIX
  INFOB                 00001080   00000040  00000000  00000040  RWIX
  INFOA                 000010c0   00000040  00000000  00000040  RWIX
  FLASH                 00008000   00007fde  00000b97  00007447  RWIX
  INT00                 0000ffe0   00000002  00000002  00000000  RWIX
  INT01                 0000ffe2   00000002  00000002  00000000  RWIX
  INT02                 0000ffe4   00000002  00000002  00000000  RWIX
  INT03                 0000ffe6   00000002  00000002  00000000  RWIX
  INT04                 0000ffe8   00000002  00000002  00000000  RWIX
  INT05                 0000ffea   00000002  00000002  00000000  RWIX
  INT06                 0000ffec   00000002  00000002  00000000  RWIX
  INT07                 0000ffee   00000002  00000002  00000000  RWIX
  INT08                 0000fff0   00000002  00000002  00000000  RWIX
  INT09                 0000fff2   00000002  00000002  00000000  RWIX
  INT10                 0000fff4   00000002  00000002  00000000  RWIX
  INT11                 0000fff6   00000002  00000002  00000000  RWIX
  INT12                 0000fff8   00000002  00000002  00000000  RWIX
  INT13                 0000fffa   00000002  00000002  00000000  RWIX
  INT14                 0000fffc   00000002  00000002  00000000  RWIX
  RESET                 0000fffe   00000002  00000002  00000000  RWIX


SECTION ALLOCATION MAP

 output                                  attributes/
section   page    origin      length       input sections
--------  ----  ----------  ----------   ----------------
.bss       0    00000200    0000002f     UNINITIALIZED
                  00000200    0000002e     mrfi.obj (.bss)
                  0000022e    00000001     simple_receive_app.obj (.bss)

.stack     0    000005b0    00000050     UNINITIALIZED
                  000005b0    00000002     rts430.lib : boot.obj (.stack)
                  000005b2    0000004e     --HOLE--

.text      0    00008000    00000b14     
                  00008000    000001c6     mrfi.obj (.text:MRFI_Init)
                  000081c6    00000102     mrfi.obj (.text:MRFI_Transmit)
                  000082c8    000000d8     mrfi.obj (.text:Mrfi_SyncPinRxIsr)
                  000083a0    00000082     mrfi.obj (.text:spiBurstFifoAccess)
                  00008422    00000058     rts430.lib : div32u.obj (.text)
                  0000847a    00000054     mrfi.obj (.text:MRFI_WakeUp)
                  000084ce    00000050     simple_receive_app.obj (.text:MRFI_RxCompleteISR)
                  0000851e    00000050     simple_receive_app.obj (.text:main)
                  0000856e    0000004c     rts430.lib : lsr16.obj (.text)
                  000085ba    00000048                : autoinit.obj (.text:_auto_init)
                  00008602    00000048     mrfi.obj (.text:mrfiSpiCmdStrobe)
                  0000864a    00000046     mrfi.obj (.text:MRFI_RxAddrIsFiltered)
                  00008690    00000042     mrfi.obj (.text:spiRegAccess)
                  000086d2    00000034     mrfi.obj (.text:MRFI_SetRFPwr)
                  00008706    00000034     mrfi.obj (.text:MRFI_SetRxAddrFilter)
                  0000873a    00000034     mrfi.obj (.text:mrfiSpiInit)
                  0000876e    00000032     mrfi.obj (.text:MRFI_SetLogicalChannel)
                  000087a0    0000002e     mrfi.obj (.text:Mrfi_CalculateRssi)
                  000087ce    0000002c     mrfi.obj (.text:Mrfi_RxModeOff)
                  000087fa    0000002c     rts430.lib : div16s.obj (.text)
                  00008826    0000002a     mrfi.obj (.text:Mrfi_DelayUsec)
                  00008850    00000026     mrfi.obj (.text:Mrfi_RandomBackoffDelay)
                  00008876    00000026     rts430.lib : mult32.obj (.text)
                  0000889c    00000022     mrfi.obj (.text:MRFI_EnableRxAddrFilter)
                  000088be    00000022     mrfi.obj (.text:MRFI_RxOn)
                  000088e0    00000020     bsp.obj (.text:BSP_Delay)
                  00008900    00000020     bsp.obj (.text:BSP_Init)
                  00008920    0000001e     mrfi.obj (.text:mrfiSpiReadReg)
                  0000893e    0000001c     bsp.obj (.text:BSP_InitBoard)
                  0000895a    0000001c     mrfi.obj (.text:MRFI_GpioIsr)
                  00008976    0000001c     simple_receive_app.obj (.text:sleep)
                  00008992    0000001a     mrfi.obj (.text:BSP_GpioPort1Isr)
                  000089ac    0000001a     rts430.lib : boot_special.obj (.text:_c_int00_noargs_noexit)
                  000089c6    0000001a     mrfi.obj (.text:mrfiSpiWriteReg)
                  000089e0    00000016     mrfi.obj (.text:MRFI_RandomByte)
                  000089f6    00000016     mrfi.obj (.text:Mrfi_RxModeOn)
                  00008a0c    00000016     rts430.lib : div16u.obj (.text)
                  00008a22    00000014                : memset.obj (.text:memset)
                  00008a36    00000014                : mult16.obj (.text)
                  00008a4a    00000012     bsp.obj (.text:BSP_InitLeds)
                  00008a5c    00000012     rts430.lib : memcpy.obj (.text:memcpy)
                  00008a6e    00000010                : asr32.obj (.text:l_asr)
                  00008a7e    00000010                : epilog.obj (.text)
                  00008a8e    0000000e     mrfi.obj (.text:MRFI_Receive)
                  00008a9c    0000000e     flash.obj (.text:flash_byte)
                  00008aaa    0000000e     mrfi.obj (.text:mrfiSpiWriteTxFifo)
                  00008ab8    0000000e     flash.obj (.text:writing_end)
                  00008ac6    0000000e     flash.obj (.text:writing_start)
                  00008ad4    0000000c     mrfi.obj (.text:mrfiSpiReadRxFifo)
                  00008ae0    0000000c     simple_receive_app.obj (.text:relay_msg)
                  00008aec    0000000a     bsp.obj (.text:BSP_InitButtons)
                  00008af6    0000000a     bsp.obj (.text:BSP_InitDrivers)
                  00008b00    0000000a     bsp.obj (.text:_system_pre_init)
                  00008b0a    00000006     rts430.lib : isr_trap.obj (.text:_isr:__TI_ISR_TRAP)
                  00008b10    00000004                : exit.obj (.text:abort)

.const     0    00008b14    0000004b     
                  00008b14    0000003c     mrfi.obj (.const:mrfiRadioCfg)
                  00008b50    00000004     simple_receive_app.obj (.const:.string:$P$T0$1)
                  00008b54    00000004     mrfi.obj (.const:.string:mrfiBroadcastAddr)
                  00008b58    00000004     mrfi.obj (.const:.string:mrfiLogicalChanTable)
                  00008b5c    00000003     mrfi.obj (.const:.string:mrfiRFPowerTable)

.cinit     0    00008b60    00000038     
                  00008b60    0000002f     mrfi.obj (.cinit)
                  00008b8f    00000001     --HOLE-- [fill = 0]
                  00008b90    00000005     simple_receive_app.obj (.cinit)
                  00008b95    00000001     --HOLE-- [fill = 0]
                  00008b96    00000002     (.pad.cinit) [fill = 0]

.pinit     0    00008000    00000000     UNINITIALIZED

.int00     0    0000ffe0    00000002     
                  0000ffe0    00000002     rts430.lib : int00.obj (.int00)

.int01     0    0000ffe2    00000002     
                  0000ffe2    00000002     rts430.lib : int01.obj (.int01)

.int02     0    0000ffe4    00000002     
                  0000ffe4    00000002     rts430.lib : int02.obj (.int02)

.int03     0    0000ffe6    00000002     
                  0000ffe6    00000002     mrfi.obj (.int03)

.int04     0    0000ffe8    00000002     
                  0000ffe8    00000002     rts430.lib : int04.obj (.int04)

.int05     0    0000ffea    00000002     
                  0000ffea    00000002     rts430.lib : int05.obj (.int05)

.int06     0    0000ffec    00000002     
                  0000ffec    00000002     rts430.lib : int06.obj (.int06)

.int07     0    0000ffee    00000002     
                  0000ffee    00000002     rts430.lib : int07.obj (.int07)

.int08     0    0000fff0    00000002     
                  0000fff0    00000002     rts430.lib : int08.obj (.int08)

.int09     0    0000fff2    00000002     
                  0000fff2    00000002     rts430.lib : int09.obj (.int09)

.int10     0    0000fff4    00000002     
                  0000fff4    00000002     rts430.lib : int10.obj (.int10)

.int11     0    0000fff6    00000002     
                  0000fff6    00000002     rts430.lib : int11.obj (.int11)

.int12     0    0000fff8    00000002     
                  0000fff8    00000002     rts430.lib : int12.obj (.int12)

.int13     0    0000fffa    00000002     
                  0000fffa    00000002     rts430.lib : int13.obj (.int13)

.int14     0    0000fffc    00000002     
                  0000fffc    00000002     rts430.lib : int14.obj (.int14)

.reset     0    0000fffe    00000002     
                  0000fffe    00000002     rts430.lib : boot.obj (.reset)


GLOBAL SYMBOLS: SORTED ALPHABETICALLY BY Name 

address   name                   
-------   ----                   
00000200  .bss                   
00008000  .text                  
0000004a  ADC10AE0               
0000004b  ADC10AE1               
000001b0  ADC10CTL0              
000001b2  ADC10CTL1              
00000048  ADC10DTC0              
00000049  ADC10DTC1              
000001b4  ADC10MEM               
000001bc  ADC10SA                
00000057  BCSCTL1                
00000058  BCSCTL2                
00000053  BCSCTL3                
000088e0  BSP_Delay              
00008992  BSP_GpioPort1Isr       
00008900  BSP_Init               
0000893e  BSP_InitBoard          
00008aec  BSP_InitButtons        
00008af6  BSP_InitDrivers        
00008a4a  BSP_InitLeds           
00008b10  C$$EXIT                
000010fb  CALBC1_12MHZ           
000010f9  CALBC1_16MHZ           
000010ff  CALBC1_1MHZ            
000010fd  CALBC1_8MHZ            
000010fa  CALDCO_12MHZ           
000010f8  CALDCO_16MHZ           
000010fe  CALDCO_1MHZ            
000010fc  CALDCO_8MHZ            
00000056  DCOCTL                 
00000128  FCTL1                  
0000012a  FCTL2                  
0000012c  FCTL3                  
00000000  IE1                    
00000001  IE2                    
00000002  IFG1                   
00000003  IFG2                   
0000856e  I_LSR                  
000085b4  I_LSR_1                
00008590  I_LSR_10               
0000858c  I_LSR_11               
00008588  I_LSR_12               
00008584  I_LSR_13               
00008580  I_LSR_14               
0000857c  I_LSR_15               
000085b0  I_LSR_2                
000085ac  I_LSR_3                
000085a8  I_LSR_4                
000085a4  I_LSR_5                
000085a0  I_LSR_6                
0000859c  I_LSR_7                
00008598  I_LSR_8                
00008594  I_LSR_9                
00008a6e  L_ASR                  
0000889c  MRFI_EnableRxAddrFilter
0000895a  MRFI_GpioIsr           
00008000  MRFI_Init              
000089e0  MRFI_RandomByte        
00008a8e  MRFI_Receive           
0000864a  MRFI_RxAddrIsFiltered  
000084ce  MRFI_RxCompleteISR     
000088be  MRFI_RxOn              
0000876e  MRFI_SetLogicalChannel 
000086d2  MRFI_SetRFPwr          
00008706  MRFI_SetRxAddrFilter   
000081c6  MRFI_Transmit          
0000847a  MRFI_WakeUp            
000000c0  OA0CTL0                
000000c1  OA0CTL1                
000000c2  OA1CTL0                
000000c3  OA1CTL1                
00000022  P1DIR                  
00000025  P1IE                   
00000024  P1IES                  
00000023  P1IFG                  
00000020  P1IN                   
00000021  P1OUT                  
00000027  P1REN                  
00000026  P1SEL                  
0000002a  P2DIR                  
0000002d  P2IE                   
0000002c  P2IES                  
0000002b  P2IFG                  
00000028  P2IN                   
00000029  P2OUT                  
0000002f  P2REN                  
0000002e  P2SEL                  
0000001a  P3DIR                  
00000018  P3IN                   
00000019  P3OUT                  
00000010  P3REN                  
0000001b  P3SEL                  
0000001e  P4DIR                  
0000001c  P4IN                   
0000001d  P4OUT                  
00000011  P4REN                  
0000001f  P4SEL                  
00000172  TACCR0                 
00000174  TACCR1                 
00000176  TACCR2                 
00000162  TACCTL0                
00000164  TACCTL1                
00000166  TACCTL2                
00000160  TACTL                  
0000012e  TAIV                   
00000170  TAR                    
00000192  TBCCR0                 
00000194  TBCCR1                 
00000196  TBCCR2                 
00000182  TBCCTL0                
00000184  TBCCTL1                
00000186  TBCCTL2                
00000180  TBCTL                  
0000011e  TBIV                   
00000190  TBR                    
0000005d  UCA0ABCTL              
00000062  UCA0BR0                
00000063  UCA0BR1                
00000060  UCA0CTL0               
00000061  UCA0CTL1               
0000005f  UCA0IRRCTL             
0000005e  UCA0IRTCTL             
00000064  UCA0MCTL               
00000066  UCA0RXBUF              
00000065  UCA0STAT               
00000067  UCA0TXBUF              
0000006a  UCB0BR0                
0000006b  UCB0BR1                
00000068  UCB0CTL0               
00000069  UCB0CTL1               
0000006c  UCB0I2CIE              
00000118  UCB0I2COA              
0000011a  UCB0I2CSA              
0000006e  UCB0RXBUF              
0000006d  UCB0STAT               
0000006f  UCB0TXBUF              
00000120  WDTCTL                 
00000600  __STACK_END            
00000050  __STACK_SIZE           
00008b0a  __TI_ISR_TRAP          
0000ffe0  __TI_int00             
0000ffe2  __TI_int01             
0000ffe4  __TI_int02             
0000ffe6  __TI_int03             
0000ffe8  __TI_int04             
0000ffea  __TI_int05             
0000ffec  __TI_int06             
0000ffee  __TI_int07             
0000fff0  __TI_int08             
0000fff2  __TI_int09             
0000fff4  __TI_int10             
0000fff6  __TI_int11             
0000fff8  __TI_int12             
0000fffa  __TI_int13             
0000fffc  __TI_int14             
ffffffff  __binit__              
00000200  __bss__                
ffffffff  __c_args__             
00008b60  __cinit__              
000087fa  __divi                 
00008a0c  __divu                 
00008422  __divul                
0000022f  __end__                
00008b14  __etext__              
00008a36  __mpyi                 
00008a36  __mpyi_sw              
00008876  __mpyl                 
00008876  __mpyl_sw              
ffffffff  __pinit__              
000087fa  __remi                 
00008a0c  __remu                 
00008422  __remul                
00008000  __text__               
000085ba  _auto_init             
000089ac  _c_int00_noargs_noexit 
0000fffe  _reset_vector          
000005b0  _stack                 
00008b00  _system_pre_init       
00008b10  abort                  
ffffffff  binit                  
00008b60  cinit                  
0000022f  end                    
00008b14  etext                  
00008a9c  flash_byte             
00008a8a  func_epilog_1          
00008a88  func_epilog_2          
00008a86  func_epilog_3          
00008a84  func_epilog_4          
00008a82  func_epilog_5          
00008a80  func_epilog_6          
00008a7e  func_epilog_7          
0000022e  id                     
0000851e  main                   
00008a5c  memcpy                 
00008a22  memset                 
00008b54  mrfiBroadcastAddr      
00008602  mrfiSpiCmdStrobe       
0000873a  mrfiSpiInit            
00008920  mrfiSpiReadReg         
00008ad4  mrfiSpiReadRxFifo      
000089c6  mrfiSpiWriteReg        
00008aaa  mrfiSpiWriteTxFifo     
ffffffff  pinit                  
00008ae0  relay_msg              
00008976  sleep                  
00008ab8  writing_end            
00008ac6  writing_start          


GLOBAL SYMBOLS: SORTED BY Symbol Address 

address   name                   
-------   ----                   
00000000  IE1                    
00000001  IE2                    
00000002  IFG1                   
00000003  IFG2                   
00000010  P3REN                  
00000011  P4REN                  
00000018  P3IN                   
00000019  P3OUT                  
0000001a  P3DIR                  
0000001b  P3SEL                  
0000001c  P4IN                   
0000001d  P4OUT                  
0000001e  P4DIR                  
0000001f  P4SEL                  
00000020  P1IN                   
00000021  P1OUT                  
00000022  P1DIR                  
00000023  P1IFG                  
00000024  P1IES                  
00000025  P1IE                   
00000026  P1SEL                  
00000027  P1REN                  
00000028  P2IN                   
00000029  P2OUT                  
0000002a  P2DIR                  
0000002b  P2IFG                  
0000002c  P2IES                  
0000002d  P2IE                   
0000002e  P2SEL                  
0000002f  P2REN                  
00000048  ADC10DTC0              
00000049  ADC10DTC1              
0000004a  ADC10AE0               
0000004b  ADC10AE1               
00000050  __STACK_SIZE           
00000053  BCSCTL3                
00000056  DCOCTL                 
00000057  BCSCTL1                
00000058  BCSCTL2                
0000005d  UCA0ABCTL              
0000005e  UCA0IRTCTL             
0000005f  UCA0IRRCTL             
00000060  UCA0CTL0               
00000061  UCA0CTL1               
00000062  UCA0BR0                
00000063  UCA0BR1                
00000064  UCA0MCTL               
00000065  UCA0STAT               
00000066  UCA0RXBUF              
00000067  UCA0TXBUF              
00000068  UCB0CTL0               
00000069  UCB0CTL1               
0000006a  UCB0BR0                
0000006b  UCB0BR1                
0000006c  UCB0I2CIE              
0000006d  UCB0STAT               
0000006e  UCB0RXBUF              
0000006f  UCB0TXBUF              
000000c0  OA0CTL0                
000000c1  OA0CTL1                
000000c2  OA1CTL0                
000000c3  OA1CTL1                
00000118  UCB0I2COA              
0000011a  UCB0I2CSA              
0000011e  TBIV                   
00000120  WDTCTL                 
00000128  FCTL1                  
0000012a  FCTL2                  
0000012c  FCTL3                  
0000012e  TAIV                   
00000160  TACTL                  
00000162  TACCTL0                
00000164  TACCTL1                
00000166  TACCTL2                
00000170  TAR                    
00000172  TACCR0                 
00000174  TACCR1                 
00000176  TACCR2                 
00000180  TBCTL                  
00000182  TBCCTL0                
00000184  TBCCTL1                
00000186  TBCCTL2                
00000190  TBR                    
00000192  TBCCR0                 
00000194  TBCCR1                 
00000196  TBCCR2                 
000001b0  ADC10CTL0              
000001b2  ADC10CTL1              
000001b4  ADC10MEM               
000001bc  ADC10SA                
00000200  .bss                   
00000200  __bss__                
0000022e  id                     
0000022f  __end__                
0000022f  end                    
000005b0  _stack                 
00000600  __STACK_END            
000010f8  CALDCO_16MHZ           
000010f9  CALBC1_16MHZ           
000010fa  CALDCO_12MHZ           
000010fb  CALBC1_12MHZ           
000010fc  CALDCO_8MHZ            
000010fd  CALBC1_8MHZ            
000010fe  CALDCO_1MHZ            
000010ff  CALBC1_1MHZ            
00008000  .text                  
00008000  MRFI_Init              
00008000  __text__               
000081c6  MRFI_Transmit          
00008422  __divul                
00008422  __remul                
0000847a  MRFI_WakeUp            
000084ce  MRFI_RxCompleteISR     
0000851e  main                   
0000856e  I_LSR                  
0000857c  I_LSR_15               
00008580  I_LSR_14               
00008584  I_LSR_13               
00008588  I_LSR_12               
0000858c  I_LSR_11               
00008590  I_LSR_10               
00008594  I_LSR_9                
00008598  I_LSR_8                
0000859c  I_LSR_7                
000085a0  I_LSR_6                
000085a4  I_LSR_5                
000085a8  I_LSR_4                
000085ac  I_LSR_3                
000085b0  I_LSR_2                
000085b4  I_LSR_1                
000085ba  _auto_init             
00008602  mrfiSpiCmdStrobe       
0000864a  MRFI_RxAddrIsFiltered  
000086d2  MRFI_SetRFPwr          
00008706  MRFI_SetRxAddrFilter   
0000873a  mrfiSpiInit            
0000876e  MRFI_SetLogicalChannel 
000087fa  __divi                 
000087fa  __remi                 
00008876  __mpyl                 
00008876  __mpyl_sw              
0000889c  MRFI_EnableRxAddrFilter
000088be  MRFI_RxOn              
000088e0  BSP_Delay              
00008900  BSP_Init               
00008920  mrfiSpiReadReg         
0000893e  BSP_InitBoard          
0000895a  MRFI_GpioIsr           
00008976  sleep                  
00008992  BSP_GpioPort1Isr       
000089ac  _c_int00_noargs_noexit 
000089c6  mrfiSpiWriteReg        
000089e0  MRFI_RandomByte        
00008a0c  __divu                 
00008a0c  __remu                 
00008a22  memset                 
00008a36  __mpyi                 
00008a36  __mpyi_sw              
00008a4a  BSP_InitLeds           
00008a5c  memcpy                 
00008a6e  L_ASR                  
00008a7e  func_epilog_7          
00008a80  func_epilog_6          
00008a82  func_epilog_5          
00008a84  func_epilog_4          
00008a86  func_epilog_3          
00008a88  func_epilog_2          
00008a8a  func_epilog_1          
00008a8e  MRFI_Receive           
00008a9c  flash_byte             
00008aaa  mrfiSpiWriteTxFifo     
00008ab8  writing_end            
00008ac6  writing_start          
00008ad4  mrfiSpiReadRxFifo      
00008ae0  relay_msg              
00008aec  BSP_InitButtons        
00008af6  BSP_InitDrivers        
00008b00  _system_pre_init       
00008b0a  __TI_ISR_TRAP          
00008b10  C$$EXIT                
00008b10  abort                  
00008b14  __etext__              
00008b14  etext                  
00008b54  mrfiBroadcastAddr      
00008b60  __cinit__              
00008b60  cinit                  
0000ffe0  __TI_int00             
0000ffe2  __TI_int01             
0000ffe4  __TI_int02             
0000ffe6  __TI_int03             
0000ffe8  __TI_int04             
0000ffea  __TI_int05             
0000ffec  __TI_int06             
0000ffee  __TI_int07             
0000fff0  __TI_int08             
0000fff2  __TI_int09             
0000fff4  __TI_int10             
0000fff6  __TI_int11             
0000fff8  __TI_int12             
0000fffa  __TI_int13             
0000fffc  __TI_int14             
0000fffe  _reset_vector          
ffffffff  __binit__              
ffffffff  __c_args__             
ffffffff  __pinit__              
ffffffff  binit                  
ffffffff  pinit                  

[207 symbols]
